
> routly@1.5.0-beta.3 build
> tsc

src/lib/middleware/proxy.ts(105,45): error TS2345: Argument of type 'number' is not assignable to parameter of type 'string'.
src/lib/middleware/timeout.ts(65,37): error TS2345: Argument of type 'Function' is not assignable to parameter of type 'NextFunction'.
  Type 'Function' provides no match for the signature '(err?: any): void'.
