node.exe : FAIL tests/router.test.ts
Au caractère C:\Program 
Files\nodejs\npx.ps1:29 : 3
+   & $NODE_EXE $NPX_CLI_JS $args
+   ~~~~~~~~~~~~~~~~~~~~~~~~~~~~~
    + CategoryInfo          : NotSpec 
   ified: (FAIL tests/router.test.ts  
  :String) [], RemoteException
    + FullyQualifiedErrorId : NativeC 
   ommandError
 
  Routly Router
    ├ù should handle route parameters 
(25 ms)
    ÔêÜ should handle query 
parameters (6 ms)
    ÔêÜ should handle route groups (4 
ms)
    ÔêÜ should handle async handlers 
(28 ms)

  ÔùÅ Routly Router ÔÇ║ should handle 
route parameters

    expect(received).toBe(expected) 
// Object.is equality

    Expected: 200
    Received: 404

    [0m [90m 26 |[39m         
server [33m=[39m app[33m.[39mliste
n([35m0[39m)[33m;[39m
     [90m 27 |[39m         
[36mconst[39m response [33m=[39m 
[36mawait[39m request(server)[33m.
[39m[36mget[39m([32m'/users/123'[3
9m)[33m;[39m
    [31m[1m>[22m[39m[90m 28 
|[39m         expect(response[33m.[
39mstatus)[33m.[39mtoBe([35m200[39
m)[33m;[39m
     [90m    |[39m                  
               [31m[1m^[22m[39m
     [90m 29 |[39m         expect(re
sponse[33m.[39mbody)[33m.[39mtoEqu
al({ id[33m:[39m [32m'123'[39m 
})[33m;[39m
     [90m 30 |[39m     })[33m;[39m
     [90m 31 |[39m[0m

      at Object.<anonymous> 
(tests/router.test.ts:28:33)

Test Suites: 1 failed, 1 total
Tests:       1 failed, 3 passed, 4 
total
Snapshots:   0 total
Time:        2.547 s
Ran all test suites matching 
/tests\\router.test.ts/i.
Force exiting Jest: Have you 
considered using 
`--detectOpenHandles` to detect async 
operations that kept running after 
all tests finished?
